508.447 0.111187 45.8695 6.42147 0.507743 50.2469 1.82576 1.
834.015 0.0449321 40.9592 1.63677 0.716219 35.7903 2.28885 1.
386.736 0.183014 45.9111 12.7085 0.80772 57.8246 1.58794 1.
558.259 0.261433 46.185 27.3734 2.15309 107.792 0.856929 1.
7848.48 0.268725 54.0508 726.515 2.9201 1542.32 0.0700902 1.
94.0351 0.407617 22.1754 15.8195 0.449598 22.7062 1.95325 1.
7624.13 0.0258345 46.6461 7.37316 2.35219 191.877 0.486208 1.
950.775 0.268 46.6167 129.58 2.70043 186.519 0.49986 1.
65.9006 0.208149 32.8027 2.94522 0.701403 10.8619 6.03993 1.
1997.19 0.0602476 46.214 6.57089 1.09127 113.077 0.817393 1.
75.9665 0.220963 41.1272 3.69212 0.235585 13.0767 6.29013 1.
9862.77 0.360143 58.056 2672.4 2.89143 2272.78 0.0510882 1.
7495.19 0.144622 50.678 222.345 2.05597 927.202 0.109314 1.
3111.22 0.450843 49.8176 603.127 1.2588 770.286 0.129348 1.
344.307 0.274949 25.619 26.352 0.779303 68.6383 0.746494 1.
48.6771 0.220279 18.3577 2.33927 0.389365 8.36058 4.39149 1.
