45.594 28.4051 -34.3786 9.49083 30175.8
45.594 21.8821 -9.61609 38.8268 72308
45.594 -8.91788 2.12568 44.6628 61458
45.594 -6.94774 -22.215 -39.205 40501.9
45.594 38.2213 21.4854 12.5029 41453.9
45.594 -4.34089 6.85205 -44.8667 45744.3
45.594 39.2636 -4.54812 22.7266 50668.6
45.594 19.9612 -6.34537 40.4981 75054
45.594 -38.7338 23.3224 5.87944 37361
45.594 15.2431 -41.9996 9.08256 39156.1
