4.54042 -2.07195 1.18722 5.1301
22.9365 -30.2578 8.97064 39.014
0.619581 -1.67538 -0.770137 1.94522
-28.0965 34.0051 -9.38772 45.0987
#event weight: 30175.8 multiplicity: 4
3.09801 -3.1435 12.415 13.1762
17.6656 -6.07352 24.786 31.0372
0.569471 1.13829 -0.605374 1.40943
-1.43189 -3.44541 -2.70471 4.60832
-19.9012 11.5241 -33.891 40.9568
#event weight: 72308 multiplicity: 5
6.8314 -0.676716 -42.9648 43.5098
-8.69815 2.09046 34.0993 35.2532
0.0180209 -0.0804283 9.91523 9.91557
1.84874 -1.33332 -1.04965 2.50945
#event weight: 61458 multiplicity: 4
7.63375 -1.37544 6.07205 9.85067
1.98276 -8.62145 -0.847902 8.88705
-2.46651 -12.6177 -3.3603 13.2884
-2.014 -0.79823 -0.0129332 2.16646
-4.73119 7.09463 -14.1809 16.5474
0.388926 1.18393 1.16373 1.70506
0.936442 1.80926 -1.22987 2.37969
-3.5021 1.94373 -8.7435 9.61725
0.760351 5.27348 10.3025 11.5987
0.846543 7.95697 10.5918 13.2747
0.165037 -1.8492 0.245266 1.87268
#event weight: 40501.9 multiplicity: 11
-38.392 -20.5159 -10.8553 44.863
32.1563 16.9888 9.36213 37.5539
5.27258 3.9605 2.73663 7.13966
0.963138 -0.433486 -1.24341 1.63144
#event weight: 41453.9 multiplicity: 4
5.60913 -7.42818 22.8208 24.6461
2.36024 -0.64489 7.78098 8.15661
-5.68327 -0.638089 8.97178 10.6395
1.0889 -0.947161 -1.2 1.87692
1.38223 1.62735 2.38335 3.19988
-0.0281903 -1.10768 -1.10328 1.56364
-1.75947 0.945362 -5.30911 5.6724
-2.96958 8.19329 -34.3445 35.433
#event weight: 45744.3 multiplicity: 8
-38.7296 4.48627 -22.4176 44.974
28.5505 -3.43193 12.1374 31.2126
8.11397 -0.829353 5.63689 9.91458
2.06511 -0.224993 4.64332 5.08681
#event weight: 50668.6 multiplicity: 4
7.09131 0.695435 -4.75253 8.56486
9.92134 3.96935 -2.56165 10.9887
11.9545 -2.66482 26.728 29.4006
2.34713 -1.94654 2.558 3.98012
-31.3142 -0.0534215 -21.9718 38.2537
#event weight: 75054 multiplicity: 5
11.676 -7.11864 -3.76232 14.1831
22.9647 -13.4026 -1.50481 26.6321
2.93771 2.77925 0.79382 4.12123
1.93095 1.96668 -1.7377 3.25822
-39.5094 15.7753 6.211 42.9933
#event weight: 37361 multiplicity: 5
0.880308 1.74934 -1.98608 2.7892
-12.9553 35.6962 -7.71942 38.7511
0.917949 0.0869718 0.197873 0.943052
0.000848856 -5.26426 -2.39678 5.78421
9.12406 -10.492 -1.48482 13.9834
2.95018 -2.59355 -1.92463 4.37427
-0.918033 -19.1826 15.3139 24.5628
#event weight: 39156.1 multiplicity: 7
